// Jest Snapshot v1, https://goo.gl/fbAQLP

exports[`LoginForm component should match the snapshot 1`] = `
<div>
  <h2>
    Login
  </h2>
  <form>
    <input
      placeholder="Username"
      type="text"
      value=""
    />
    <button
      type="submit"
    >
      Login
    </button>
  </form>
  <h2>
    Or
  </h2>
  <a
    class="link"
    href="/registration"
  >
    <button
      type="button"
    >
      Register
    </button>
  </a>
</div>
`;
